src/disciplines/automotive/api/anthropicChallenge.ts(49,56): error TS18046: 'e' is of type 'unknown'.
src/disciplines/automotive/api/chefFreddieQuery.ts(7,31): error TS7006: Parameter 'event' implicitly has an 'any' type.
src/disciplines/automotive/api/chefFreddieQuery.ts(7,38): error TS7006: Parameter 'context' implicitly has an 'any' type.
src/disciplines/automotive/api/recipeMatcher.ts(112,57): error TS7006: Parameter 'recipeIng' implicitly has an 'any' type.
src/disciplines/automotive/api/recipeMatcher.ts(123,55): error TS7006: Parameter 'eq' implicitly has an 'any' type.
src/disciplines/automotive/api/recipeMatcher.ts(137,65): error TS7006: Parameter 'eq' implicitly has an 'any' type.
src/disciplines/automotive/api/recipeMatcher.ts(150,28): error TS2307: Cannot find module '../components/RecipeMatcherModal' or its corresponding type declarations.
src/disciplines/automotive/api/recipeMatcher.ts(388,39): error TS18046: 'err' is of type 'unknown'.
src/disciplines/automotive/api/supabaseClient.ts(12,5): error TS7034: Variable 'supabaseJwt' implicitly has type 'any' in some locations where its type cannot be determined.
src/disciplines/automotive/api/supabaseClient.ts(15,32): error TS7006: Parameter 'token' implicitly has an 'any' type.
src/disciplines/automotive/api/supabaseClient.ts(21,28): error TS7005: Variable 'supabaseJwt' implicitly has an 'any' type.
src/disciplines/automotive/components/BayPracticeModal.tsx(3,29): error TS2307: Cannot find module './ARPracticeScene' or its corresponding type declarations.
src/disciplines/automotive/components/BuildDiagModal.tsx(5,28): error TS2307: Cannot find module './RecipeMatcherModal' or its corresponding type declarations.
src/disciplines/automotive/components/ChallengeOfTheWeek.tsx(4,40): error TS2307: Cannot find module './WeeklyChallengeRecipeModal' or its corresponding type declarations.
src/disciplines/automotive/components/ChallengeOfTheWeek.tsx(5,33): error TS2307: Cannot find module './RecipeMatcherModal' or its corresponding type declarations.
src/disciplines/automotive/components/GarageFreddieWidget.tsx(5,35): error TS2307: Cannot find module './FreddieContext' or its corresponding type declarations.
src/disciplines/automotive/components/ManualImportModal.tsx(3,34): error TS2307: Cannot find module './RecipeContext' or its corresponding type declarations.
src/disciplines/automotive/components/ManualImportModal.tsx(94,29): error TS7006: Parameter 'recipe' implicitly has an 'any' type.
src/disciplines/automotive/components/NearbyPlaces.tsx(103,52): error TS18046: 'err' is of type 'unknown'.
src/disciplines/automotive/components/RepairCard.tsx(3,28): error TS2307: Cannot find module './RecipeMatcherModal' or its corresponding type declarations.
src/disciplines/automotive/components/RepairCard.tsx(16,33): error TS7006: Parameter 'tag' implicitly has an 'any' type.
src/disciplines/automotive/components/RepairContext.tsx(2,33): error TS2307: Cannot find module './RecipeMatcherModal' or its corresponding type declarations.
src/disciplines/automotive/components/RepairContext.tsx(27,27): error TS7006: Parameter 'prev' implicitly has an 'any' type.
src/disciplines/automotive/components/RepairMatcherModal.tsx(3,34): error TS2307: Cannot find module './RecipeContext' or its corresponding type declarations.
src/disciplines/automotive/components/WeeklyChallengeRepairModal.tsx(3,33): error TS2307: Cannot find module './RecipeMatcherModal' or its corresponding type declarations.
src/disciplines/automotive/modules/AutoSchool.tsx(4,35): error TS2307: Cannot find module '../components/FreddieContext' or its corresponding type declarations.
src/disciplines/automotive/modules/AutoSchool.tsx(6,34): error TS2307: Cannot find module '../components/RecipeContext' or its corresponding type declarations.
src/disciplines/automotive/modules/AutoSchool.tsx(12,26): error TS2307: Cannot find module '../components/CookingTimer' or its corresponding type declarations.
src/disciplines/automotive/modules/AutoSchool.tsx(13,32): error TS2307: Cannot find module '../components/BenchPracticeModal' or its corresponding type declarations.
src/disciplines/automotive/modules/AutoSchool.tsx(428,53): error TS7006: Parameter 'ing' implicitly has an 'any' type.
src/disciplines/automotive/modules/AutoSchool.tsx(428,58): error TS7006: Parameter 'i' implicitly has an 'any' type.
src/disciplines/automotive/modules/AutoSchool.tsx(458,54): error TS7006: Parameter 'eq' implicitly has an 'any' type.
src/disciplines/automotive/modules/AutoSchool.tsx(458,58): error TS7006: Parameter 'i' implicitly has an 'any' type.
src/disciplines/automotive/modules/cookbookSupabase.ts(3,33): error TS2307: Cannot find module '../components/RecipeMatcherModal' or its corresponding type declarations.
src/disciplines/automotive/modules/GearheadLounge.tsx(3,31): error TS2307: Cannot find module './ChefFreddieWidget' or its corresponding type declarations.
src/disciplines/automotive/modules/GearheadLounge.tsx(4,35): error TS2307: Cannot find module '../components/FreddieContext' or its corresponding type declarations.
src/disciplines/automotive/modules/GearheadLounge.tsx(6,33): error TS2307: Cannot find module '../components/CookBookImportModal' or its corresponding type declarations.
src/disciplines/automotive/modules/GearheadLounge.tsx(7,29): error TS2307: Cannot find module '../components/MarketDirectory' or its corresponding type declarations.
src/disciplines/automotive/modules/GearheadLounge.tsx(8,31): error TS2307: Cannot find module '../components/LocalMarketsModal' or its corresponding type declarations.
src/disciplines/automotive/modules/GearheadLounge.tsx(9,28): error TS2307: Cannot find module '../components/BuildMenuModal' or its corresponding type declarations.
src/disciplines/automotive/modules/GearheadLounge.tsx(10,34): error TS2307: Cannot find module '../components/RecipeContext' or its corresponding type declarations.
src/disciplines/automotive/modules/GearheadLounge.tsx(11,28): error TS2307: Cannot find module '../components/RecipeMatcherModal' or its corresponding type declarations.
src/disciplines/automotive/modules/GearheadLounge.tsx(14,31): error TS2307: Cannot find module '../components/GlobalTestKitchen' or its corresponding type declarations.
src/disciplines/automotive/modules/GearheadLounge.tsx(205,25): error TS7006: Parameter 'recipes' implicitly has an 'any' type.
src/disciplines/automotive/modules/MyGarage.tsx(10,48): error TS2307: Cannot find module '../components/RecipeMatcherModal' or its corresponding type declarations.
src/disciplines/automotive/modules/MyGarage.tsx(11,35): error TS2307: Cannot find module '../components/FreddieContext' or its corresponding type declarations.
src/disciplines/automotive/modules/MyGarage.tsx(15,33): error TS2307: Cannot find module '../components/RecipeCard' or its corresponding type declarations.
src/disciplines/automotive/modules/Post.tsx(3,17): error TS7031: Binding element 'user' implicitly has an 'any' type.
src/disciplines/automotive/modules/Post.tsx(3,23): error TS7031: Binding element 'content' implicitly has an 'any' type.
src/disciplines/automotive/modules/Post.tsx(3,32): error TS7031: Binding element 'image' implicitly has an 'any' type.
src/disciplines/automotive/modules/Post.tsx(3,39): error TS7031: Binding element 'timestamp' implicitly has an 'any' type.
src/disciplines/automotive/modules/Post.tsx(3,50): error TS7031: Binding element 'likes' implicitly has an 'any' type.
src/disciplines/automotive/modules/Post.tsx(3,57): error TS7031: Binding element 'comments' implicitly has an 'any' type.
src/disciplines/automotive/modules/SignUp.tsx(5,25): error TS2307: Cannot find module '../components/AuthProvider' or its corresponding type declarations.
src/disciplines/automotive/utils/auth.ts(1,29): error TS7006: Parameter 'name' implicitly has an 'any' type.
src/disciplines/construction/api/anthropicChallenge.ts(49,56): error TS18046: 'e' is of type 'unknown'.
src/disciplines/construction/api/chefFreddieQuery.ts(7,31): error TS7006: Parameter 'event' implicitly has an 'any' type.
src/disciplines/construction/api/chefFreddieQuery.ts(7,38): error TS7006: Parameter 'context' implicitly has an 'any' type.
src/disciplines/construction/api/recipeMatcher.ts(112,57): error TS7006: Parameter 'recipeIng' implicitly has an 'any' type.
src/disciplines/construction/api/recipeMatcher.ts(123,55): error TS7006: Parameter 'eq' implicitly has an 'any' type.
src/disciplines/construction/api/recipeMatcher.ts(137,65): error TS7006: Parameter 'eq' implicitly has an 'any' type.
src/disciplines/construction/api/recipeMatcher.ts(150,28): error TS2307: Cannot find module '../components/RecipeMatcherModal' or its corresponding type declarations.
src/disciplines/construction/api/recipeMatcher.ts(388,39): error TS18046: 'err' is of type 'unknown'.
src/disciplines/construction/api/supabaseClient.ts(12,5): error TS7034: Variable 'supabaseJwt' implicitly has type 'any' in some locations where its type cannot be determined.
src/disciplines/construction/api/supabaseClient.ts(15,32): error TS7006: Parameter 'token' implicitly has an 'any' type.
src/disciplines/construction/api/supabaseClient.ts(21,28): error TS7005: Variable 'supabaseJwt' implicitly has an 'any' type.
src/disciplines/construction/components/BlueprintImportModal.tsx(3,34): error TS2307: Cannot find module './RecipeContext' or its corresponding type declarations.
src/disciplines/construction/components/BlueprintImportModal.tsx(94,29): error TS7006: Parameter 'recipe' implicitly has an 'any' type.
src/disciplines/construction/components/BuildPlanModal.tsx(5,28): error TS2307: Cannot find module './RecipeMatcherModal' or its corresponding type declarations.
src/disciplines/construction/components/ChallengeOfTheWeek.tsx(4,40): error TS2307: Cannot find module './WeeklyChallengeRecipeModal' or its corresponding type declarations.
src/disciplines/construction/components/ChallengeOfTheWeek.tsx(5,33): error TS2307: Cannot find module './RecipeMatcherModal' or its corresponding type declarations.
src/disciplines/construction/components/FieldPracticeModal.tsx(3,29): error TS2307: Cannot find module './ARPracticeScene' or its corresponding type declarations.
src/disciplines/construction/components/NearbyPlaces.tsx(103,52): error TS18046: 'err' is of type 'unknown'.
src/disciplines/construction/components/SiteFreddieWidget.tsx(5,35): error TS2307: Cannot find module './FreddieContext' or its corresponding type declarations.
src/disciplines/construction/components/TaskCard.tsx(3,28): error TS2307: Cannot find module './RecipeMatcherModal' or its corresponding type declarations.
src/disciplines/construction/components/TaskCard.tsx(16,33): error TS7006: Parameter 'tag' implicitly has an 'any' type.
src/disciplines/construction/components/TaskContext.tsx(2,33): error TS2307: Cannot find module './RecipeMatcherModal' or its corresponding type declarations.
src/disciplines/construction/components/TaskContext.tsx(27,27): error TS7006: Parameter 'prev' implicitly has an 'any' type.
src/disciplines/construction/components/TaskMatcherModal.tsx(3,34): error TS2307: Cannot find module './RecipeContext' or its corresponding type declarations.
src/disciplines/construction/components/WeeklyChallengeTaskModal.tsx(3,33): error TS2307: Cannot find module './RecipeMatcherModal' or its corresponding type declarations.
src/disciplines/construction/modules/BuildSchool.tsx(4,35): error TS2307: Cannot find module '../components/FreddieContext' or its corresponding type declarations.
src/disciplines/construction/modules/BuildSchool.tsx(6,34): error TS2307: Cannot find module '../components/RecipeContext' or its corresponding type declarations.
src/disciplines/construction/modules/BuildSchool.tsx(12,26): error TS2307: Cannot find module '../components/CookingTimer' or its corresponding type declarations.
src/disciplines/construction/modules/BuildSchool.tsx(13,32): error TS2307: Cannot find module '../components/BenchPracticeModal' or its corresponding type declarations.
src/disciplines/construction/modules/BuildSchool.tsx(428,53): error TS7006: Parameter 'ing' implicitly has an 'any' type.
src/disciplines/construction/modules/BuildSchool.tsx(428,58): error TS7006: Parameter 'i' implicitly has an 'any' type.
src/disciplines/construction/modules/BuildSchool.tsx(458,54): error TS7006: Parameter 'eq' implicitly has an 'any' type.
src/disciplines/construction/modules/BuildSchool.tsx(458,58): error TS7006: Parameter 'i' implicitly has an 'any' type.
src/disciplines/construction/modules/cookbookSupabase.ts(3,33): error TS2307: Cannot find module '../components/RecipeMatcherModal' or its corresponding type declarations.
src/disciplines/construction/modules/HardhatHub.tsx(3,31): error TS2307: Cannot find module './ChefFreddieWidget' or its corresponding type declarations.
src/disciplines/construction/modules/HardhatHub.tsx(4,35): error TS2307: Cannot find module '../components/FreddieContext' or its corresponding type declarations.
src/disciplines/construction/modules/HardhatHub.tsx(6,33): error TS2307: Cannot find module '../components/CookBookImportModal' or its corresponding type declarations.
src/disciplines/construction/modules/HardhatHub.tsx(7,29): error TS2307: Cannot find module '../components/MarketDirectory' or its corresponding type declarations.
src/disciplines/construction/modules/HardhatHub.tsx(8,31): error TS2307: Cannot find module '../components/LocalMarketsModal' or its corresponding type declarations.
src/disciplines/construction/modules/HardhatHub.tsx(9,28): error TS2307: Cannot find module '../components/BuildMenuModal' or its corresponding type declarations.
src/disciplines/construction/modules/HardhatHub.tsx(10,34): error TS2307: Cannot find module '../components/RecipeContext' or its corresponding type declarations.
src/disciplines/construction/modules/HardhatHub.tsx(11,28): error TS2307: Cannot find module '../components/RecipeMatcherModal' or its corresponding type declarations.
src/disciplines/construction/modules/HardhatHub.tsx(14,31): error TS2307: Cannot find module '../components/GlobalTestKitchen' or its corresponding type declarations.
src/disciplines/construction/modules/HardhatHub.tsx(205,25): error TS7006: Parameter 'recipes' implicitly has an 'any' type.
src/disciplines/construction/modules/MySite.tsx(10,48): error TS2307: Cannot find module '../components/RecipeMatcherModal' or its corresponding type declarations.
src/disciplines/construction/modules/MySite.tsx(11,35): error TS2307: Cannot find module '../components/FreddieContext' or its corresponding type declarations.
src/disciplines/construction/modules/MySite.tsx(15,33): error TS2307: Cannot find module '../components/RecipeCard' or its corresponding type declarations.
src/disciplines/construction/modules/Post.tsx(3,17): error TS7031: Binding element 'user' implicitly has an 'any' type.
src/disciplines/construction/modules/Post.tsx(3,23): error TS7031: Binding element 'content' implicitly has an 'any' type.
src/disciplines/construction/modules/Post.tsx(3,32): error TS7031: Binding element 'image' implicitly has an 'any' type.
src/disciplines/construction/modules/Post.tsx(3,39): error TS7031: Binding element 'timestamp' implicitly has an 'any' type.
src/disciplines/construction/modules/Post.tsx(3,50): error TS7031: Binding element 'likes' implicitly has an 'any' type.
src/disciplines/construction/modules/Post.tsx(3,57): error TS7031: Binding element 'comments' implicitly has an 'any' type.
src/disciplines/construction/modules/SignUp.tsx(5,25): error TS2307: Cannot find module '../components/AuthProvider' or its corresponding type declarations.
src/disciplines/construction/utils/auth.ts(1,29): error TS7006: Parameter 'name' implicitly has an 'any' type.
src/disciplines/culinary/api/anthropicChallenge.ts(49,56): error TS18046: 'e' is of type 'unknown'.
src/disciplines/culinary/api/chefFreddieQuery.ts(7,31): error TS7006: Parameter 'event' implicitly has an 'any' type.
src/disciplines/culinary/api/chefFreddieQuery.ts(7,38): error TS7006: Parameter 'context' implicitly has an 'any' type.
src/disciplines/culinary/api/recipeMatcher.ts(388,39): error TS18046: 'err' is of type 'unknown'.
src/disciplines/culinary/api/supabaseClient.ts(12,5): error TS7034: Variable 'supabaseJwt' implicitly has type 'any' in some locations where its type cannot be determined.
src/disciplines/culinary/api/supabaseClient.ts(15,32): error TS7006: Parameter 'token' implicitly has an 'any' type.
src/disciplines/culinary/api/supabaseClient.ts(21,28): error TS7005: Variable 'supabaseJwt' implicitly has an 'any' type.
src/disciplines/culinary/components/NearbyPlaces.tsx(103,52): error TS18046: 'err' is of type 'unknown'.
src/disciplines/culinary/modules/MyCookBookVideoModals.tsx(2,10): error TS2614: Module '"./MyCookBook"' has no exported member 'getVideoQueriesForRecipe'. Did you mean to use 'import getVideoQueriesForRecipe from "./MyCookBook"' instead?
src/disciplines/culinary/modules/MyCookBookVideoModals.tsx(21,29): error TS7006: Parameter 'q' implicitly has an 'any' type.
src/disciplines/culinary/modules/MyCookBookVideoModals.tsx(22,49): error TS7006: Parameter 'r' implicitly has an 'any' type.
src/disciplines/culinary/modules/Post.tsx(3,17): error TS7031: Binding element 'user' implicitly has an 'any' type.
src/disciplines/culinary/modules/Post.tsx(3,23): error TS7031: Binding element 'content' implicitly has an 'any' type.
src/disciplines/culinary/modules/Post.tsx(3,32): error TS7031: Binding element 'image' implicitly has an 'any' type.
src/disciplines/culinary/modules/Post.tsx(3,39): error TS7031: Binding element 'timestamp' implicitly has an 'any' type.
src/disciplines/culinary/modules/Post.tsx(3,50): error TS7031: Binding element 'likes' implicitly has an 'any' type.
src/disciplines/culinary/modules/Post.tsx(3,57): error TS7031: Binding element 'comments' implicitly has an 'any' type.
src/disciplines/culinary/modules/SignUp.tsx(5,25): error TS2307: Cannot find module '../components/AuthProvider' or its corresponding type declarations.
src/disciplines/culinary/utils/auth.ts(1,29): error TS7006: Parameter 'name' implicitly has an 'any' type.
src/disciplines/culinary/utils/videoSearch.ts(101,59): error TS2341: Property 'keys' is private and only accessible within class 'YouTubeAPIRotator'.
src/disciplines/culinary/utils/videoSearch.ts(104,33): error TS2341: Property 'keys' is private and only accessible within class 'YouTubeAPIRotator'.
src/disciplines/culinary/utils/videoSearch.ts(125,100): error TS2341: Property 'currentIndex' is private and only accessible within class 'YouTubeAPIRotator'.
src/disciplines/culinary/utils/videoSearch.ts(155,70): error TS2341: Property 'currentIndex' is private and only accessible within class 'YouTubeAPIRotator'.
src/disciplines/culinary/utils/videoSearch.ts(159,11): error TS18046: 'error' is of type 'unknown'.
src/disciplines/culinary/utils/videoSearch.ts(159,54): error TS18046: 'error' is of type 'unknown'.
src/disciplines/electrical/api/anthropicChallenge.ts(49,56): error TS18046: 'e' is of type 'unknown'.
src/disciplines/electrical/api/chefFreddieQuery.ts(7,31): error TS7006: Parameter 'event' implicitly has an 'any' type.
src/disciplines/electrical/api/chefFreddieQuery.ts(7,38): error TS7006: Parameter 'context' implicitly has an 'any' type.
src/disciplines/electrical/api/recipeMatcher.ts(112,57): error TS7006: Parameter 'recipeIng' implicitly has an 'any' type.
src/disciplines/electrical/api/recipeMatcher.ts(123,55): error TS7006: Parameter 'eq' implicitly has an 'any' type.
src/disciplines/electrical/api/recipeMatcher.ts(137,65): error TS7006: Parameter 'eq' implicitly has an 'any' type.
src/disciplines/electrical/api/recipeMatcher.ts(150,28): error TS2307: Cannot find module '../components/RecipeMatcherModal' or its corresponding type declarations.
src/disciplines/electrical/api/recipeMatcher.ts(388,39): error TS18046: 'err' is of type 'unknown'.
src/disciplines/electrical/api/supabaseClient.ts(12,5): error TS7034: Variable 'supabaseJwt' implicitly has type 'any' in some locations where its type cannot be determined.
src/disciplines/electrical/api/supabaseClient.ts(15,32): error TS7006: Parameter 'token' implicitly has an 'any' type.
src/disciplines/electrical/api/supabaseClient.ts(21,28): error TS7005: Variable 'supabaseJwt' implicitly has an 'any' type.
src/disciplines/electrical/components/BuildCircuitModal.tsx(5,28): error TS2307: Cannot find module './RecipeMatcherModal' or its corresponding type declarations.
src/disciplines/electrical/components/ChallengeOfTheWeek.tsx(4,40): error TS2307: Cannot find module './WeeklyChallengeRecipeModal' or its corresponding type declarations.
src/disciplines/electrical/components/ChallengeOfTheWeek.tsx(5,33): error TS2307: Cannot find module './RecipeMatcherModal' or its corresponding type declarations.
src/disciplines/electrical/components/CircuitCard.tsx(3,28): error TS2307: Cannot find module './RecipeMatcherModal' or its corresponding type declarations.
src/disciplines/electrical/components/CircuitCard.tsx(16,33): error TS7006: Parameter 'tag' implicitly has an 'any' type.
src/disciplines/electrical/components/CircuitContext.tsx(2,33): error TS2307: Cannot find module './RecipeMatcherModal' or its corresponding type declarations.
src/disciplines/electrical/components/CircuitContext.tsx(27,27): error TS7006: Parameter 'prev' implicitly has an 'any' type.
src/disciplines/electrical/components/CircuitMatcherModal.tsx(3,34): error TS2307: Cannot find module './RecipeContext' or its corresponding type declarations.
src/disciplines/electrical/components/CodeBookImportModal.tsx(3,34): error TS2307: Cannot find module './RecipeContext' or its corresponding type declarations.
src/disciplines/electrical/components/CodeBookImportModal.tsx(94,29): error TS7006: Parameter 'recipe' implicitly has an 'any' type.
src/disciplines/electrical/components/NearbyPlaces.tsx(103,52): error TS18046: 'err' is of type 'unknown'.
src/disciplines/electrical/components/PanelPracticeModal.tsx(3,29): error TS2307: Cannot find module './ARPracticeScene' or its corresponding type declarations.
src/disciplines/electrical/components/SparkFreddieWidget.tsx(5,35): error TS2307: Cannot find module './FreddieContext' or its corresponding type declarations.
src/disciplines/electrical/components/WeeklyChallengeCircuitModal.tsx(3,33): error TS2307: Cannot find module './RecipeMatcherModal' or its corresponding type declarations.
src/disciplines/electrical/modules/cookbookSupabase.ts(3,33): error TS2307: Cannot find module '../components/RecipeMatcherModal' or its corresponding type declarations.
src/disciplines/electrical/modules/ElecSchool.tsx(4,35): error TS2307: Cannot find module '../components/FreddieContext' or its corresponding type declarations.
src/disciplines/electrical/modules/ElecSchool.tsx(6,34): error TS2307: Cannot find module '../components/RecipeContext' or its corresponding type declarations.
src/disciplines/electrical/modules/ElecSchool.tsx(12,26): error TS2307: Cannot find module '../components/CookingTimer' or its corresponding type declarations.
src/disciplines/electrical/modules/ElecSchool.tsx(13,32): error TS2307: Cannot find module '../components/BenchPracticeModal' or its corresponding type declarations.
src/disciplines/electrical/modules/ElecSchool.tsx(428,53): error TS7006: Parameter 'ing' implicitly has an 'any' type.
src/disciplines/electrical/modules/ElecSchool.tsx(428,58): error TS7006: Parameter 'i' implicitly has an 'any' type.
src/disciplines/electrical/modules/ElecSchool.tsx(458,54): error TS7006: Parameter 'eq' implicitly has an 'any' type.
src/disciplines/electrical/modules/ElecSchool.tsx(458,58): error TS7006: Parameter 'i' implicitly has an 'any' type.
src/disciplines/electrical/modules/MyPanel.tsx(10,48): error TS2307: Cannot find module '../components/RecipeMatcherModal' or its corresponding type declarations.
src/disciplines/electrical/modules/MyPanel.tsx(11,35): error TS2307: Cannot find module '../components/FreddieContext' or its corresponding type declarations.
src/disciplines/electrical/modules/MyPanel.tsx(15,33): error TS2307: Cannot find module '../components/RecipeCard' or its corresponding type declarations.
src/disciplines/electrical/modules/Post.tsx(3,17): error TS7031: Binding element 'user' implicitly has an 'any' type.
src/disciplines/electrical/modules/Post.tsx(3,23): error TS7031: Binding element 'content' implicitly has an 'any' type.
src/disciplines/electrical/modules/Post.tsx(3,32): error TS7031: Binding element 'image' implicitly has an 'any' type.
src/disciplines/electrical/modules/Post.tsx(3,39): error TS7031: Binding element 'timestamp' implicitly has an 'any' type.
src/disciplines/electrical/modules/Post.tsx(3,50): error TS7031: Binding element 'likes' implicitly has an 'any' type.
src/disciplines/electrical/modules/Post.tsx(3,57): error TS7031: Binding element 'comments' implicitly has an 'any' type.
src/disciplines/electrical/modules/SignUp.tsx(5,25): error TS2307: Cannot find module '../components/AuthProvider' or its corresponding type declarations.
src/disciplines/electrical/modules/WireLounge.tsx(3,31): error TS2307: Cannot find module './ChefFreddieWidget' or its corresponding type declarations.
src/disciplines/electrical/modules/WireLounge.tsx(4,35): error TS2307: Cannot find module '../components/FreddieContext' or its corresponding type declarations.
src/disciplines/electrical/modules/WireLounge.tsx(6,33): error TS2307: Cannot find module '../components/CookBookImportModal' or its corresponding type declarations.
src/disciplines/electrical/modules/WireLounge.tsx(7,29): error TS2307: Cannot find module '../components/MarketDirectory' or its corresponding type declarations.
src/disciplines/electrical/modules/WireLounge.tsx(8,31): error TS2307: Cannot find module '../components/LocalMarketsModal' or its corresponding type declarations.
src/disciplines/electrical/modules/WireLounge.tsx(9,28): error TS2307: Cannot find module '../components/BuildMenuModal' or its corresponding type declarations.
src/disciplines/electrical/modules/WireLounge.tsx(10,34): error TS2307: Cannot find module '../components/RecipeContext' or its corresponding type declarations.
src/disciplines/electrical/modules/WireLounge.tsx(11,28): error TS2307: Cannot find module '../components/RecipeMatcherModal' or its corresponding type declarations.
src/disciplines/electrical/modules/WireLounge.tsx(14,31): error TS2307: Cannot find module '../components/GlobalTestKitchen' or its corresponding type declarations.
src/disciplines/electrical/modules/WireLounge.tsx(205,25): error TS7006: Parameter 'recipes' implicitly has an 'any' type.
src/disciplines/electrical/utils/auth.ts(1,29): error TS7006: Parameter 'name' implicitly has an 'any' type.
src/disciplines/hvac/api/anthropicChallenge.ts(49,56): error TS18046: 'e' is of type 'unknown'.
src/disciplines/hvac/api/chefFreddieQuery.ts(7,31): error TS7006: Parameter 'event' implicitly has an 'any' type.
src/disciplines/hvac/api/chefFreddieQuery.ts(7,38): error TS7006: Parameter 'context' implicitly has an 'any' type.
src/disciplines/hvac/api/recipeMatcher.ts(112,57): error TS7006: Parameter 'recipeIng' implicitly has an 'any' type.
src/disciplines/hvac/api/recipeMatcher.ts(123,55): error TS7006: Parameter 'eq' implicitly has an 'any' type.
src/disciplines/hvac/api/recipeMatcher.ts(137,65): error TS7006: Parameter 'eq' implicitly has an 'any' type.
src/disciplines/hvac/api/recipeMatcher.ts(150,28): error TS2307: Cannot find module '../components/RecipeMatcherModal' or its corresponding type declarations.
src/disciplines/hvac/api/recipeMatcher.ts(388,39): error TS18046: 'err' is of type 'unknown'.
src/disciplines/hvac/api/supabaseClient.ts(12,5): error TS7034: Variable 'supabaseJwt' implicitly has type 'any' in some locations where its type cannot be determined.
src/disciplines/hvac/api/supabaseClient.ts(15,32): error TS7006: Parameter 'token' implicitly has an 'any' type.
src/disciplines/hvac/api/supabaseClient.ts(21,28): error TS7005: Variable 'supabaseJwt' implicitly has an 'any' type.
src/disciplines/hvac/components/BuildSystemModal.tsx(5,28): error TS2307: Cannot find module './RecipeMatcherModal' or its corresponding type declarations.
src/disciplines/hvac/components/ChallengeOfTheWeek.tsx(4,40): error TS2307: Cannot find module './WeeklyChallengeRecipeModal' or its corresponding type declarations.
src/disciplines/hvac/components/ChallengeOfTheWeek.tsx(5,33): error TS2307: Cannot find module './RecipeMatcherModal' or its corresponding type declarations.
src/disciplines/hvac/components/NearbyPlaces.tsx(103,52): error TS18046: 'err' is of type 'unknown'.
src/disciplines/hvac/components/ShopFreddieWidget.tsx(5,35): error TS2307: Cannot find module './FreddieContext' or its corresponding type declarations.
src/disciplines/hvac/components/SpecSheetImportModal.tsx(3,34): error TS2307: Cannot find module './RecipeContext' or its corresponding type declarations.
src/disciplines/hvac/components/SpecSheetImportModal.tsx(94,29): error TS7006: Parameter 'recipe' implicitly has an 'any' type.
src/disciplines/hvac/components/SystemCard.tsx(3,28): error TS2307: Cannot find module './RecipeMatcherModal' or its corresponding type declarations.
src/disciplines/hvac/components/SystemCard.tsx(16,33): error TS7006: Parameter 'tag' implicitly has an 'any' type.
src/disciplines/hvac/components/SystemContext.tsx(2,33): error TS2307: Cannot find module './RecipeMatcherModal' or its corresponding type declarations.
src/disciplines/hvac/components/SystemContext.tsx(27,27): error TS7006: Parameter 'prev' implicitly has an 'any' type.
src/disciplines/hvac/components/SystemMatcherModal.tsx(3,34): error TS2307: Cannot find module './RecipeContext' or its corresponding type declarations.
src/disciplines/hvac/components/UnitPracticeModal.tsx(3,29): error TS2307: Cannot find module './ARPracticeScene' or its corresponding type declarations.
src/disciplines/hvac/components/WeeklyChallengeSystemModal.tsx(3,33): error TS2307: Cannot find module './RecipeMatcherModal' or its corresponding type declarations.
src/disciplines/hvac/modules/cookbookSupabase.ts(3,33): error TS2307: Cannot find module '../components/RecipeMatcherModal' or its corresponding type declarations.
src/disciplines/hvac/modules/HvacSchool.tsx(4,35): error TS2307: Cannot find module '../components/FreddieContext' or its corresponding type declarations.
src/disciplines/hvac/modules/HvacSchool.tsx(6,34): error TS2307: Cannot find module '../components/RecipeContext' or its corresponding type declarations.
src/disciplines/hvac/modules/HvacSchool.tsx(12,26): error TS2307: Cannot find module '../components/CookingTimer' or its corresponding type declarations.
src/disciplines/hvac/modules/HvacSchool.tsx(13,32): error TS2307: Cannot find module '../components/BenchPracticeModal' or its corresponding type declarations.
src/disciplines/hvac/modules/HvacSchool.tsx(428,53): error TS7006: Parameter 'ing' implicitly has an 'any' type.
src/disciplines/hvac/modules/HvacSchool.tsx(428,58): error TS7006: Parameter 'i' implicitly has an 'any' type.
src/disciplines/hvac/modules/HvacSchool.tsx(458,54): error TS7006: Parameter 'eq' implicitly has an 'any' type.
src/disciplines/hvac/modules/HvacSchool.tsx(458,58): error TS7006: Parameter 'i' implicitly has an 'any' type.
src/disciplines/hvac/modules/MyShop.tsx(10,48): error TS2307: Cannot find module '../components/RecipeMatcherModal' or its corresponding type declarations.
src/disciplines/hvac/modules/MyShop.tsx(11,35): error TS2307: Cannot find module '../components/FreddieContext' or its corresponding type declarations.
src/disciplines/hvac/modules/MyShop.tsx(15,33): error TS2307: Cannot find module '../components/RecipeCard' or its corresponding type declarations.
src/disciplines/hvac/modules/Post.tsx(3,17): error TS7031: Binding element 'user' implicitly has an 'any' type.
src/disciplines/hvac/modules/Post.tsx(3,23): error TS7031: Binding element 'content' implicitly has an 'any' type.
src/disciplines/hvac/modules/Post.tsx(3,32): error TS7031: Binding element 'image' implicitly has an 'any' type.
src/disciplines/hvac/modules/Post.tsx(3,39): error TS7031: Binding element 'timestamp' implicitly has an 'any' type.
src/disciplines/hvac/modules/Post.tsx(3,50): error TS7031: Binding element 'likes' implicitly has an 'any' type.
src/disciplines/hvac/modules/Post.tsx(3,57): error TS7031: Binding element 'comments' implicitly has an 'any' type.
src/disciplines/hvac/modules/SignUp.tsx(5,25): error TS2307: Cannot find module '../components/AuthProvider' or its corresponding type declarations.
src/disciplines/hvac/modules/TechTalk.tsx(3,31): error TS2307: Cannot find module './ChefFreddieWidget' or its corresponding type declarations.
src/disciplines/hvac/modules/TechTalk.tsx(4,35): error TS2307: Cannot find module '../components/FreddieContext' or its corresponding type declarations.
src/disciplines/hvac/modules/TechTalk.tsx(6,33): error TS2307: Cannot find module '../components/CookBookImportModal' or its corresponding type declarations.
src/disciplines/hvac/modules/TechTalk.tsx(7,29): error TS2307: Cannot find module '../components/MarketDirectory' or its corresponding type declarations.
src/disciplines/hvac/modules/TechTalk.tsx(8,31): error TS2307: Cannot find module '../components/LocalMarketsModal' or its corresponding type declarations.
src/disciplines/hvac/modules/TechTalk.tsx(9,28): error TS2307: Cannot find module '../components/BuildMenuModal' or its corresponding type declarations.
src/disciplines/hvac/modules/TechTalk.tsx(10,34): error TS2307: Cannot find module '../components/RecipeContext' or its corresponding type declarations.
src/disciplines/hvac/modules/TechTalk.tsx(11,28): error TS2307: Cannot find module '../components/RecipeMatcherModal' or its corresponding type declarations.
src/disciplines/hvac/modules/TechTalk.tsx(14,31): error TS2307: Cannot find module '../components/GlobalTestKitchen' or its corresponding type declarations.
src/disciplines/hvac/modules/TechTalk.tsx(205,25): error TS7006: Parameter 'recipes' implicitly has an 'any' type.
src/disciplines/hvac/utils/auth.ts(1,29): error TS7006: Parameter 'name' implicitly has an 'any' type.
src/disciplines/logistics/api/anthropicChallenge.ts(49,56): error TS18046: 'e' is of type 'unknown'.
src/disciplines/logistics/api/chefFreddieQuery.ts(7,31): error TS7006: Parameter 'event' implicitly has an 'any' type.
src/disciplines/logistics/api/chefFreddieQuery.ts(7,38): error TS7006: Parameter 'context' implicitly has an 'any' type.
src/disciplines/logistics/api/recipeMatcher.ts(112,57): error TS7006: Parameter 'recipeIng' implicitly has an 'any' type.
src/disciplines/logistics/api/recipeMatcher.ts(123,55): error TS7006: Parameter 'eq' implicitly has an 'any' type.
src/disciplines/logistics/api/recipeMatcher.ts(137,65): error TS7006: Parameter 'eq' implicitly has an 'any' type.
src/disciplines/logistics/api/recipeMatcher.ts(150,28): error TS2307: Cannot find module '../components/RecipeMatcherModal' or its corresponding type declarations.
src/disciplines/logistics/api/recipeMatcher.ts(388,39): error TS18046: 'err' is of type 'unknown'.
src/disciplines/logistics/api/supabaseClient.ts(12,5): error TS7034: Variable 'supabaseJwt' implicitly has type 'any' in some locations where its type cannot be determined.
src/disciplines/logistics/api/supabaseClient.ts(15,32): error TS7006: Parameter 'token' implicitly has an 'any' type.
src/disciplines/logistics/api/supabaseClient.ts(21,28): error TS7005: Variable 'supabaseJwt' implicitly has an 'any' type.
src/disciplines/logistics/components/BuildRouteModal.tsx(5,28): error TS2307: Cannot find module './RecipeMatcherModal' or its corresponding type declarations.
src/disciplines/logistics/components/ChallengeOfTheWeek.tsx(4,40): error TS2307: Cannot find module './WeeklyChallengeRecipeModal' or its corresponding type declarations.
src/disciplines/logistics/components/ChallengeOfTheWeek.tsx(5,33): error TS2307: Cannot find module './RecipeMatcherModal' or its corresponding type declarations.
src/disciplines/logistics/components/DockFreddieWidget.tsx(5,35): error TS2307: Cannot find module './FreddieContext' or its corresponding type declarations.
src/disciplines/logistics/components/DockPracticeModal.tsx(3,29): error TS2307: Cannot find module './ARPracticeScene' or its corresponding type declarations.
src/disciplines/logistics/components/NearbyPlaces.tsx(103,52): error TS18046: 'err' is of type 'unknown'.
src/disciplines/logistics/components/RouteCard.tsx(3,28): error TS2307: Cannot find module './RecipeMatcherModal' or its corresponding type declarations.
src/disciplines/logistics/components/RouteCard.tsx(16,33): error TS7006: Parameter 'tag' implicitly has an 'any' type.
src/disciplines/logistics/components/RouteContext.tsx(2,33): error TS2307: Cannot find module './RecipeMatcherModal' or its corresponding type declarations.
src/disciplines/logistics/components/RouteContext.tsx(27,27): error TS7006: Parameter 'prev' implicitly has an 'any' type.
src/disciplines/logistics/components/RouteMatcherModal.tsx(3,34): error TS2307: Cannot find module './RecipeContext' or its corresponding type declarations.
src/disciplines/logistics/components/RunbookImportModal.tsx(3,34): error TS2307: Cannot find module './RecipeContext' or its corresponding type declarations.
src/disciplines/logistics/components/RunbookImportModal.tsx(94,29): error TS7006: Parameter 'recipe' implicitly has an 'any' type.
src/disciplines/logistics/components/WeeklyChallengeRouteModal.tsx(3,33): error TS2307: Cannot find module './RecipeMatcherModal' or its corresponding type declarations.
src/disciplines/logistics/modules/cookbookSupabase.ts(3,33): error TS2307: Cannot find module '../components/RecipeMatcherModal' or its corresponding type declarations.
src/disciplines/logistics/modules/DispatchLounge.tsx(3,31): error TS2307: Cannot find module './ChefFreddieWidget' or its corresponding type declarations.
src/disciplines/logistics/modules/DispatchLounge.tsx(4,35): error TS2307: Cannot find module '../components/FreddieContext' or its corresponding type declarations.
src/disciplines/logistics/modules/DispatchLounge.tsx(6,33): error TS2307: Cannot find module '../components/CookBookImportModal' or its corresponding type declarations.
src/disciplines/logistics/modules/DispatchLounge.tsx(7,29): error TS2307: Cannot find module '../components/MarketDirectory' or its corresponding type declarations.
src/disciplines/logistics/modules/DispatchLounge.tsx(8,31): error TS2307: Cannot find module '../components/LocalMarketsModal' or its corresponding type declarations.
src/disciplines/logistics/modules/DispatchLounge.tsx(9,28): error TS2307: Cannot find module '../components/BuildMenuModal' or its corresponding type declarations.
src/disciplines/logistics/modules/DispatchLounge.tsx(10,34): error TS2307: Cannot find module '../components/RecipeContext' or its corresponding type declarations.
src/disciplines/logistics/modules/DispatchLounge.tsx(11,28): error TS2307: Cannot find module '../components/RecipeMatcherModal' or its corresponding type declarations.
src/disciplines/logistics/modules/DispatchLounge.tsx(14,31): error TS2307: Cannot find module '../components/GlobalTestKitchen' or its corresponding type declarations.
src/disciplines/logistics/modules/DispatchLounge.tsx(205,25): error TS7006: Parameter 'recipes' implicitly has an 'any' type.
src/disciplines/logistics/modules/LogisticsSchool.tsx(4,35): error TS2307: Cannot find module '../components/FreddieContext' or its corresponding type declarations.
src/disciplines/logistics/modules/LogisticsSchool.tsx(6,34): error TS2307: Cannot find module '../components/RecipeContext' or its corresponding type declarations.
src/disciplines/logistics/modules/LogisticsSchool.tsx(12,26): error TS2307: Cannot find module '../components/CookingTimer' or its corresponding type declarations.
src/disciplines/logistics/modules/LogisticsSchool.tsx(13,32): error TS2307: Cannot find module '../components/BenchPracticeModal' or its corresponding type declarations.
src/disciplines/logistics/modules/LogisticsSchool.tsx(428,53): error TS7006: Parameter 'ing' implicitly has an 'any' type.
src/disciplines/logistics/modules/LogisticsSchool.tsx(428,58): error TS7006: Parameter 'i' implicitly has an 'any' type.
src/disciplines/logistics/modules/LogisticsSchool.tsx(458,54): error TS7006: Parameter 'eq' implicitly has an 'any' type.
src/disciplines/logistics/modules/LogisticsSchool.tsx(458,58): error TS7006: Parameter 'i' implicitly has an 'any' type.
src/disciplines/logistics/modules/MyDock.tsx(10,48): error TS2307: Cannot find module '../components/RecipeMatcherModal' or its corresponding type declarations.
src/disciplines/logistics/modules/MyDock.tsx(11,35): error TS2307: Cannot find module '../components/FreddieContext' or its corresponding type declarations.
src/disciplines/logistics/modules/MyDock.tsx(15,33): error TS2307: Cannot find module '../components/RecipeCard' or its corresponding type declarations.
src/disciplines/logistics/modules/Post.tsx(3,17): error TS7031: Binding element 'user' implicitly has an 'any' type.
src/disciplines/logistics/modules/Post.tsx(3,23): error TS7031: Binding element 'content' implicitly has an 'any' type.
src/disciplines/logistics/modules/Post.tsx(3,32): error TS7031: Binding element 'image' implicitly has an 'any' type.
src/disciplines/logistics/modules/Post.tsx(3,39): error TS7031: Binding element 'timestamp' implicitly has an 'any' type.
src/disciplines/logistics/modules/Post.tsx(3,50): error TS7031: Binding element 'likes' implicitly has an 'any' type.
src/disciplines/logistics/modules/Post.tsx(3,57): error TS7031: Binding element 'comments' implicitly has an 'any' type.
src/disciplines/logistics/modules/SignUp.tsx(5,25): error TS2307: Cannot find module '../components/AuthProvider' or its corresponding type declarations.
src/disciplines/logistics/utils/auth.ts(1,29): error TS7006: Parameter 'name' implicitly has an 'any' type.
src/disciplines/machining/api/anthropicChallenge.ts(49,56): error TS18046: 'e' is of type 'unknown'.
src/disciplines/machining/api/chefFreddieQuery.ts(7,31): error TS7006: Parameter 'event' implicitly has an 'any' type.
src/disciplines/machining/api/chefFreddieQuery.ts(7,38): error TS7006: Parameter 'context' implicitly has an 'any' type.
src/disciplines/machining/api/recipeMatcher.ts(112,57): error TS7006: Parameter 'recipeIng' implicitly has an 'any' type.
src/disciplines/machining/api/recipeMatcher.ts(123,55): error TS7006: Parameter 'eq' implicitly has an 'any' type.
src/disciplines/machining/api/recipeMatcher.ts(137,65): error TS7006: Parameter 'eq' implicitly has an 'any' type.
src/disciplines/machining/api/recipeMatcher.ts(150,28): error TS2307: Cannot find module '../components/RecipeMatcherModal' or its corresponding type declarations.
src/disciplines/machining/api/recipeMatcher.ts(388,39): error TS18046: 'err' is of type 'unknown'.
src/disciplines/machining/api/supabaseClient.ts(12,5): error TS7034: Variable 'supabaseJwt' implicitly has type 'any' in some locations where its type cannot be determined.
src/disciplines/machining/api/supabaseClient.ts(15,32): error TS7006: Parameter 'token' implicitly has an 'any' type.
src/disciplines/machining/api/supabaseClient.ts(21,28): error TS7005: Variable 'supabaseJwt' implicitly has an 'any' type.
src/disciplines/machining/components/BenchFreddieWidget.tsx(5,35): error TS2307: Cannot find module './FreddieContext' or its corresponding type declarations.
src/disciplines/machining/components/BuildPartModal.tsx(5,28): error TS2307: Cannot find module './RecipeMatcherModal' or its corresponding type declarations.
src/disciplines/machining/components/ChallengeOfTheWeek.tsx(4,40): error TS2307: Cannot find module './WeeklyChallengeRecipeModal' or its corresponding type declarations.
src/disciplines/machining/components/ChallengeOfTheWeek.tsx(5,33): error TS2307: Cannot find module './RecipeMatcherModal' or its corresponding type declarations.
src/disciplines/machining/components/NearbyPlaces.tsx(103,52): error TS18046: 'err' is of type 'unknown'.
src/disciplines/machining/components/PartCard.tsx(3,28): error TS2307: Cannot find module './RecipeMatcherModal' or its corresponding type declarations.
src/disciplines/machining/components/PartCard.tsx(16,33): error TS7006: Parameter 'tag' implicitly has an 'any' type.
src/disciplines/machining/components/PartContext.tsx(2,33): error TS2307: Cannot find module './RecipeMatcherModal' or its corresponding type declarations.
src/disciplines/machining/components/PartContext.tsx(27,27): error TS7006: Parameter 'prev' implicitly has an 'any' type.
src/disciplines/machining/components/PartMatcherModal.tsx(3,34): error TS2307: Cannot find module './RecipeContext' or its corresponding type declarations.
src/disciplines/machining/components/SetupPracticeModal.tsx(3,29): error TS2307: Cannot find module './ARPracticeScene' or its corresponding type declarations.
src/disciplines/machining/components/SpecBookImportModal.tsx(3,34): error TS2307: Cannot find module './RecipeContext' or its corresponding type declarations.
src/disciplines/machining/components/SpecBookImportModal.tsx(94,29): error TS7006: Parameter 'recipe' implicitly has an 'any' type.
src/disciplines/machining/components/WeeklyChallengePartModal.tsx(3,33): error TS2307: Cannot find module './RecipeMatcherModal' or its corresponding type declarations.
src/disciplines/machining/modules/cookbookSupabase.ts(3,33): error TS2307: Cannot find module '../components/RecipeMatcherModal' or its corresponding type declarations.
src/disciplines/machining/modules/MachiningSchool.tsx(4,35): error TS2307: Cannot find module '../components/FreddieContext' or its corresponding type declarations.
src/disciplines/machining/modules/MachiningSchool.tsx(6,34): error TS2307: Cannot find module '../components/RecipeContext' or its corresponding type declarations.
src/disciplines/machining/modules/MachiningSchool.tsx(12,26): error TS2307: Cannot find module '../components/CookingTimer' or its corresponding type declarations.
src/disciplines/machining/modules/MachiningSchool.tsx(13,32): error TS2307: Cannot find module '../components/BenchPracticeModal' or its corresponding type declarations.
src/disciplines/machining/modules/MachiningSchool.tsx(428,53): error TS7006: Parameter 'ing' implicitly has an 'any' type.
src/disciplines/machining/modules/MachiningSchool.tsx(428,58): error TS7006: Parameter 'i' implicitly has an 'any' type.
src/disciplines/machining/modules/MachiningSchool.tsx(458,54): error TS7006: Parameter 'eq' implicitly has an 'any' type.
src/disciplines/machining/modules/MachiningSchool.tsx(458,58): error TS7006: Parameter 'i' implicitly has an 'any' type.
src/disciplines/machining/modules/MachinistCorner.tsx(3,31): error TS2307: Cannot find module './ChefFreddieWidget' or its corresponding type declarations.
src/disciplines/machining/modules/MachinistCorner.tsx(4,35): error TS2307: Cannot find module '../components/FreddieContext' or its corresponding type declarations.
src/disciplines/machining/modules/MachinistCorner.tsx(6,33): error TS2307: Cannot find module '../components/CookBookImportModal' or its corresponding type declarations.
src/disciplines/machining/modules/MachinistCorner.tsx(7,29): error TS2307: Cannot find module '../components/MarketDirectory' or its corresponding type declarations.
src/disciplines/machining/modules/MachinistCorner.tsx(8,31): error TS2307: Cannot find module '../components/LocalMarketsModal' or its corresponding type declarations.
src/disciplines/machining/modules/MachinistCorner.tsx(9,28): error TS2307: Cannot find module '../components/BuildMenuModal' or its corresponding type declarations.
src/disciplines/machining/modules/MachinistCorner.tsx(10,34): error TS2307: Cannot find module '../components/RecipeContext' or its corresponding type declarations.
src/disciplines/machining/modules/MachinistCorner.tsx(11,28): error TS2307: Cannot find module '../components/RecipeMatcherModal' or its corresponding type declarations.
src/disciplines/machining/modules/MachinistCorner.tsx(14,31): error TS2307: Cannot find module '../components/GlobalTestKitchen' or its corresponding type declarations.
src/disciplines/machining/modules/MachinistCorner.tsx(205,25): error TS7006: Parameter 'recipes' implicitly has an 'any' type.
src/disciplines/machining/modules/MyBench.tsx(10,48): error TS2307: Cannot find module '../components/RecipeMatcherModal' or its corresponding type declarations.
src/disciplines/machining/modules/MyBench.tsx(11,35): error TS2307: Cannot find module '../components/FreddieContext' or its corresponding type declarations.
src/disciplines/machining/modules/MyBench.tsx(15,33): error TS2307: Cannot find module '../components/RecipeCard' or its corresponding type declarations.
src/disciplines/machining/modules/Post.tsx(3,17): error TS7031: Binding element 'user' implicitly has an 'any' type.
src/disciplines/machining/modules/Post.tsx(3,23): error TS7031: Binding element 'content' implicitly has an 'any' type.
src/disciplines/machining/modules/Post.tsx(3,32): error TS7031: Binding element 'image' implicitly has an 'any' type.
src/disciplines/machining/modules/Post.tsx(3,39): error TS7031: Binding element 'timestamp' implicitly has an 'any' type.
src/disciplines/machining/modules/Post.tsx(3,50): error TS7031: Binding element 'likes' implicitly has an 'any' type.
src/disciplines/machining/modules/Post.tsx(3,57): error TS7031: Binding element 'comments' implicitly has an 'any' type.
src/disciplines/machining/modules/SignUp.tsx(5,25): error TS2307: Cannot find module '../components/AuthProvider' or its corresponding type declarations.
src/disciplines/machining/utils/auth.ts(1,29): error TS7006: Parameter 'name' implicitly has an 'any' type.
src/disciplines/manufacturing/api/anthropicChallenge.ts(49,56): error TS18046: 'e' is of type 'unknown'.
src/disciplines/manufacturing/api/chefFreddieQuery.ts(7,31): error TS7006: Parameter 'event' implicitly has an 'any' type.
src/disciplines/manufacturing/api/chefFreddieQuery.ts(7,38): error TS7006: Parameter 'context' implicitly has an 'any' type.
src/disciplines/manufacturing/api/recipeMatcher.ts(112,57): error TS7006: Parameter 'recipeIng' implicitly has an 'any' type.
src/disciplines/manufacturing/api/recipeMatcher.ts(123,55): error TS7006: Parameter 'eq' implicitly has an 'any' type.
src/disciplines/manufacturing/api/recipeMatcher.ts(137,65): error TS7006: Parameter 'eq' implicitly has an 'any' type.
src/disciplines/manufacturing/api/recipeMatcher.ts(150,28): error TS2307: Cannot find module '../components/RecipeMatcherModal' or its corresponding type declarations.
src/disciplines/manufacturing/api/recipeMatcher.ts(388,39): error TS18046: 'err' is of type 'unknown'.
src/disciplines/manufacturing/api/supabaseClient.ts(12,5): error TS7034: Variable 'supabaseJwt' implicitly has type 'any' in some locations where its type cannot be determined.
src/disciplines/manufacturing/api/supabaseClient.ts(15,32): error TS7006: Parameter 'token' implicitly has an 'any' type.
src/disciplines/manufacturing/api/supabaseClient.ts(21,28): error TS7005: Variable 'supabaseJwt' implicitly has an 'any' type.
src/disciplines/manufacturing/components/BuildProcessModal.tsx(5,28): error TS2307: Cannot find module './RecipeMatcherModal' or its corresponding type declarations.
src/disciplines/manufacturing/components/ChallengeOfTheWeek.tsx(4,40): error TS2307: Cannot find module './WeeklyChallengeRecipeModal' or its corresponding type declarations.
src/disciplines/manufacturing/components/ChallengeOfTheWeek.tsx(5,33): error TS2307: Cannot find module './RecipeMatcherModal' or its corresponding type declarations.
src/disciplines/manufacturing/components/FloorFreddieWidget.tsx(5,35): error TS2307: Cannot find module './FreddieContext' or its corresponding type declarations.
src/disciplines/manufacturing/components/LinePracticeModal.tsx(3,29): error TS2307: Cannot find module './ARPracticeScene' or its corresponding type declarations.
src/disciplines/manufacturing/components/NearbyPlaces.tsx(103,52): error TS18046: 'err' is of type 'unknown'.
src/disciplines/manufacturing/components/PlaybookImportModal.tsx(3,34): error TS2307: Cannot find module './RecipeContext' or its corresponding type declarations.
src/disciplines/manufacturing/components/PlaybookImportModal.tsx(94,29): error TS7006: Parameter 'recipe' implicitly has an 'any' type.
src/disciplines/manufacturing/components/ProcessCard.tsx(3,28): error TS2307: Cannot find module './RecipeMatcherModal' or its corresponding type declarations.
src/disciplines/manufacturing/components/ProcessCard.tsx(16,33): error TS7006: Parameter 'tag' implicitly has an 'any' type.
src/disciplines/manufacturing/components/ProcessContext.tsx(2,33): error TS2307: Cannot find module './RecipeMatcherModal' or its corresponding type declarations.
src/disciplines/manufacturing/components/ProcessContext.tsx(27,27): error TS7006: Parameter 'prev' implicitly has an 'any' type.
src/disciplines/manufacturing/components/ProcessMatcherModal.tsx(3,34): error TS2307: Cannot find module './RecipeContext' or its corresponding type declarations.
src/disciplines/manufacturing/components/WeeklyChallengeProcessModal.tsx(3,33): error TS2307: Cannot find module './RecipeMatcherModal' or its corresponding type declarations.
src/disciplines/manufacturing/modules/cookbookSupabase.ts(3,33): error TS2307: Cannot find module '../components/RecipeMatcherModal' or its corresponding type declarations.
src/disciplines/manufacturing/modules/MfgAcademy.tsx(4,35): error TS2307: Cannot find module '../components/FreddieContext' or its corresponding type declarations.
src/disciplines/manufacturing/modules/MfgAcademy.tsx(6,34): error TS2307: Cannot find module '../components/RecipeContext' or its corresponding type declarations.
src/disciplines/manufacturing/modules/MfgAcademy.tsx(12,26): error TS2307: Cannot find module '../components/CookingTimer' or its corresponding type declarations.
src/disciplines/manufacturing/modules/MfgAcademy.tsx(13,32): error TS2307: Cannot find module '../components/BenchPracticeModal' or its corresponding type declarations.
src/disciplines/manufacturing/modules/MfgAcademy.tsx(428,53): error TS7006: Parameter 'ing' implicitly has an 'any' type.
src/disciplines/manufacturing/modules/MfgAcademy.tsx(428,58): error TS7006: Parameter 'i' implicitly has an 'any' type.
src/disciplines/manufacturing/modules/MfgAcademy.tsx(458,54): error TS7006: Parameter 'eq' implicitly has an 'any' type.
src/disciplines/manufacturing/modules/MfgAcademy.tsx(458,58): error TS7006: Parameter 'i' implicitly has an 'any' type.
src/disciplines/manufacturing/modules/MyFloor.tsx(10,48): error TS2307: Cannot find module '../components/RecipeMatcherModal' or its corresponding type declarations.
src/disciplines/manufacturing/modules/MyFloor.tsx(11,35): error TS2307: Cannot find module '../components/FreddieContext' or its corresponding type declarations.
src/disciplines/manufacturing/modules/MyFloor.tsx(15,33): error TS2307: Cannot find module '../components/RecipeCard' or its corresponding type declarations.
src/disciplines/manufacturing/modules/Post.tsx(3,17): error TS7031: Binding element 'user' implicitly has an 'any' type.
src/disciplines/manufacturing/modules/Post.tsx(3,23): error TS7031: Binding element 'content' implicitly has an 'any' type.
src/disciplines/manufacturing/modules/Post.tsx(3,32): error TS7031: Binding element 'image' implicitly has an 'any' type.
src/disciplines/manufacturing/modules/Post.tsx(3,39): error TS7031: Binding element 'timestamp' implicitly has an 'any' type.
src/disciplines/manufacturing/modules/Post.tsx(3,50): error TS7031: Binding element 'likes' implicitly has an 'any' type.
src/disciplines/manufacturing/modules/Post.tsx(3,57): error TS7031: Binding element 'comments' implicitly has an 'any' type.
src/disciplines/manufacturing/modules/ShopTalk.tsx(3,31): error TS2307: Cannot find module './ChefFreddieWidget' or its corresponding type declarations.
src/disciplines/manufacturing/modules/ShopTalk.tsx(4,35): error TS2307: Cannot find module '../components/FreddieContext' or its corresponding type declarations.
src/disciplines/manufacturing/modules/ShopTalk.tsx(6,33): error TS2307: Cannot find module '../components/CookBookImportModal' or its corresponding type declarations.
src/disciplines/manufacturing/modules/ShopTalk.tsx(7,29): error TS2307: Cannot find module '../components/MarketDirectory' or its corresponding type declarations.
src/disciplines/manufacturing/modules/ShopTalk.tsx(8,31): error TS2307: Cannot find module '../components/LocalMarketsModal' or its corresponding type declarations.
src/disciplines/manufacturing/modules/ShopTalk.tsx(9,28): error TS2307: Cannot find module '../components/BuildMenuModal' or its corresponding type declarations.
src/disciplines/manufacturing/modules/ShopTalk.tsx(10,34): error TS2307: Cannot find module '../components/RecipeContext' or its corresponding type declarations.
src/disciplines/manufacturing/modules/ShopTalk.tsx(11,28): error TS2307: Cannot find module '../components/RecipeMatcherModal' or its corresponding type declarations.
src/disciplines/manufacturing/modules/ShopTalk.tsx(14,31): error TS2307: Cannot find module '../components/GlobalTestKitchen' or its corresponding type declarations.
src/disciplines/manufacturing/modules/ShopTalk.tsx(205,25): error TS7006: Parameter 'recipes' implicitly has an 'any' type.
src/disciplines/manufacturing/modules/SignUp.tsx(5,25): error TS2307: Cannot find module '../components/AuthProvider' or its corresponding type declarations.
src/disciplines/manufacturing/utils/auth.ts(1,29): error TS7006: Parameter 'name' implicitly has an 'any' type.
src/disciplines/plumbing/api/anthropicChallenge.ts(49,56): error TS18046: 'e' is of type 'unknown'.
src/disciplines/plumbing/api/chefFreddieQuery.ts(7,31): error TS7006: Parameter 'event' implicitly has an 'any' type.
src/disciplines/plumbing/api/chefFreddieQuery.ts(7,38): error TS7006: Parameter 'context' implicitly has an 'any' type.
src/disciplines/plumbing/api/recipeMatcher.ts(112,57): error TS7006: Parameter 'recipeIng' implicitly has an 'any' type.
src/disciplines/plumbing/api/recipeMatcher.ts(123,55): error TS7006: Parameter 'eq' implicitly has an 'any' type.
src/disciplines/plumbing/api/recipeMatcher.ts(137,65): error TS7006: Parameter 'eq' implicitly has an 'any' type.
src/disciplines/plumbing/api/recipeMatcher.ts(150,28): error TS2307: Cannot find module '../components/RecipeMatcherModal' or its corresponding type declarations.
src/disciplines/plumbing/api/recipeMatcher.ts(388,39): error TS18046: 'err' is of type 'unknown'.
src/disciplines/plumbing/api/supabaseClient.ts(12,5): error TS7034: Variable 'supabaseJwt' implicitly has type 'any' in some locations where its type cannot be determined.
src/disciplines/plumbing/api/supabaseClient.ts(15,32): error TS7006: Parameter 'token' implicitly has an 'any' type.
src/disciplines/plumbing/api/supabaseClient.ts(21,28): error TS7005: Variable 'supabaseJwt' implicitly has an 'any' type.
src/disciplines/plumbing/components/BuildLayoutModal.tsx(5,28): error TS2307: Cannot find module './RecipeMatcherModal' or its corresponding type declarations.
src/disciplines/plumbing/components/ChallengeOfTheWeek.tsx(4,40): error TS2307: Cannot find module './WeeklyChallengeRecipeModal' or its corresponding type declarations.
src/disciplines/plumbing/components/ChallengeOfTheWeek.tsx(5,33): error TS2307: Cannot find module './RecipeMatcherModal' or its corresponding type declarations.
src/disciplines/plumbing/components/FitCard.tsx(3,28): error TS2307: Cannot find module './RecipeMatcherModal' or its corresponding type declarations.
src/disciplines/plumbing/components/FitCard.tsx(16,33): error TS7006: Parameter 'tag' implicitly has an 'any' type.
src/disciplines/plumbing/components/FitContext.tsx(2,33): error TS2307: Cannot find module './RecipeMatcherModal' or its corresponding type declarations.
src/disciplines/plumbing/components/FitContext.tsx(27,27): error TS7006: Parameter 'prev' implicitly has an 'any' type.
src/disciplines/plumbing/components/FitMatcherModal.tsx(3,34): error TS2307: Cannot find module './RecipeContext' or its corresponding type declarations.
src/disciplines/plumbing/components/FitPracticeModal.tsx(3,29): error TS2307: Cannot find module './ARPracticeScene' or its corresponding type declarations.
src/disciplines/plumbing/components/NearbyPlaces.tsx(103,52): error TS18046: 'err' is of type 'unknown'.
src/disciplines/plumbing/components/PipeBookImportModal.tsx(3,34): error TS2307: Cannot find module './RecipeContext' or its corresponding type declarations.
src/disciplines/plumbing/components/PipeBookImportModal.tsx(94,29): error TS7006: Parameter 'recipe' implicitly has an 'any' type.
src/disciplines/plumbing/components/PipeFreddieWidget.tsx(5,35): error TS2307: Cannot find module './FreddieContext' or its corresponding type declarations.
src/disciplines/plumbing/components/WeeklyChallengeFitModal.tsx(3,33): error TS2307: Cannot find module './RecipeMatcherModal' or its corresponding type declarations.
src/disciplines/plumbing/modules/cookbookSupabase.ts(3,33): error TS2307: Cannot find module '../components/RecipeMatcherModal' or its corresponding type declarations.
src/disciplines/plumbing/modules/MyVan.tsx(10,48): error TS2307: Cannot find module '../components/RecipeMatcherModal' or its corresponding type declarations.
src/disciplines/plumbing/modules/MyVan.tsx(11,35): error TS2307: Cannot find module '../components/FreddieContext' or its corresponding type declarations.
src/disciplines/plumbing/modules/MyVan.tsx(15,33): error TS2307: Cannot find module '../components/RecipeCard' or its corresponding type declarations.
src/disciplines/plumbing/modules/PipeLounge.tsx(3,31): error TS2307: Cannot find module './ChefFreddieWidget' or its corresponding type declarations.
src/disciplines/plumbing/modules/PipeLounge.tsx(4,35): error TS2307: Cannot find module '../components/FreddieContext' or its corresponding type declarations.
src/disciplines/plumbing/modules/PipeLounge.tsx(6,33): error TS2307: Cannot find module '../components/CookBookImportModal' or its corresponding type declarations.
src/disciplines/plumbing/modules/PipeLounge.tsx(7,29): error TS2307: Cannot find module '../components/MarketDirectory' or its corresponding type declarations.
src/disciplines/plumbing/modules/PipeLounge.tsx(8,31): error TS2307: Cannot find module '../components/LocalMarketsModal' or its corresponding type declarations.
src/disciplines/plumbing/modules/PipeLounge.tsx(9,28): error TS2307: Cannot find module '../components/BuildMenuModal' or its corresponding type declarations.
src/disciplines/plumbing/modules/PipeLounge.tsx(10,34): error TS2307: Cannot find module '../components/RecipeContext' or its corresponding type declarations.
src/disciplines/plumbing/modules/PipeLounge.tsx(11,28): error TS2307: Cannot find module '../components/RecipeMatcherModal' or its corresponding type declarations.
src/disciplines/plumbing/modules/PipeLounge.tsx(14,31): error TS2307: Cannot find module '../components/GlobalTestKitchen' or its corresponding type declarations.
src/disciplines/plumbing/modules/PipeLounge.tsx(205,25): error TS7006: Parameter 'recipes' implicitly has an 'any' type.
src/disciplines/plumbing/modules/PlumbingSchool.tsx(4,35): error TS2307: Cannot find module '../components/FreddieContext' or its corresponding type declarations.
src/disciplines/plumbing/modules/PlumbingSchool.tsx(6,34): error TS2307: Cannot find module '../components/RecipeContext' or its corresponding type declarations.
src/disciplines/plumbing/modules/PlumbingSchool.tsx(12,26): error TS2307: Cannot find module '../components/CookingTimer' or its corresponding type declarations.
src/disciplines/plumbing/modules/PlumbingSchool.tsx(13,32): error TS2307: Cannot find module '../components/BenchPracticeModal' or its corresponding type declarations.
src/disciplines/plumbing/modules/PlumbingSchool.tsx(428,53): error TS7006: Parameter 'ing' implicitly has an 'any' type.
src/disciplines/plumbing/modules/PlumbingSchool.tsx(428,58): error TS7006: Parameter 'i' implicitly has an 'any' type.
src/disciplines/plumbing/modules/PlumbingSchool.tsx(458,54): error TS7006: Parameter 'eq' implicitly has an 'any' type.
src/disciplines/plumbing/modules/PlumbingSchool.tsx(458,58): error TS7006: Parameter 'i' implicitly has an 'any' type.
src/disciplines/plumbing/modules/Post.tsx(3,17): error TS7031: Binding element 'user' implicitly has an 'any' type.
src/disciplines/plumbing/modules/Post.tsx(3,23): error TS7031: Binding element 'content' implicitly has an 'any' type.
src/disciplines/plumbing/modules/Post.tsx(3,32): error TS7031: Binding element 'image' implicitly has an 'any' type.
src/disciplines/plumbing/modules/Post.tsx(3,39): error TS7031: Binding element 'timestamp' implicitly has an 'any' type.
src/disciplines/plumbing/modules/Post.tsx(3,50): error TS7031: Binding element 'likes' implicitly has an 'any' type.
src/disciplines/plumbing/modules/Post.tsx(3,57): error TS7031: Binding element 'comments' implicitly has an 'any' type.
src/disciplines/plumbing/modules/SignUp.tsx(5,25): error TS2307: Cannot find module '../components/AuthProvider' or its corresponding type declarations.
src/disciplines/plumbing/utils/auth.ts(1,29): error TS7006: Parameter 'name' implicitly has an 'any' type.
